../Drivers/STM32F0xx_HAL_Driver/Src/stm32f0xx_hal_dac.c:300:19:HAL_DAC_Init	16	static
../Drivers/STM32F0xx_HAL_Driver/Src/stm32f0xx_hal_dac.c:361:19:HAL_DAC_DeInit	16	static
../Drivers/STM32F0xx_HAL_Driver/Src/stm32f0xx_hal_dac.c:407:13:HAL_DAC_MspInit	16	static
../Drivers/STM32F0xx_HAL_Driver/Src/stm32f0xx_hal_dac.c:423:13:HAL_DAC_MspDeInit	16	static
../Drivers/STM32F0xx_HAL_Driver/Src/stm32f0xx_hal_dac.c:465:26:HAL_DAC_Start	16	static
../Drivers/STM32F0xx_HAL_Driver/Src/stm32f0xx_hal_dac.c:488:19:HAL_DAC_Stop	16	static
../Drivers/STM32F0xx_HAL_Driver/Src/stm32f0xx_hal_dac.c:520:26:HAL_DAC_Start_DMA	24	static
../Drivers/STM32F0xx_HAL_Driver/Src/stm32f0xx_hal_dac.c:546:19:HAL_DAC_Stop_DMA	32	static
../Drivers/STM32F0xx_HAL_Driver/Src/stm32f0xx_hal_dac.c:604:13:HAL_DAC_IRQHandler	16	static
../Drivers/STM32F0xx_HAL_Driver/Src/stm32f0xx_hal_dac.c:629:19:HAL_DAC_SetValue	32	static
../Drivers/STM32F0xx_HAL_Driver/Src/stm32f0xx_hal_dac.c:661:13:HAL_DAC_ConvCpltCallbackCh1	16	static
../Drivers/STM32F0xx_HAL_Driver/Src/stm32f0xx_hal_dac.c:677:13:HAL_DAC_ConvHalfCpltCallbackCh1	16	static
../Drivers/STM32F0xx_HAL_Driver/Src/stm32f0xx_hal_dac.c:693:13:HAL_DAC_ErrorCallbackCh1	16	static
../Drivers/STM32F0xx_HAL_Driver/Src/stm32f0xx_hal_dac.c:709:13:HAL_DAC_DMAUnderrunCallbackCh1	16	static
../Drivers/STM32F0xx_HAL_Driver/Src/stm32f0xx_hal_dac.c:748:17:HAL_DAC_GetValue	16	static
../Drivers/STM32F0xx_HAL_Driver/Src/stm32f0xx_hal_dac.c:772:26:HAL_DAC_ConfigChannel	24	static
../Drivers/STM32F0xx_HAL_Driver/Src/stm32f0xx_hal_dac.c:812:22:HAL_DAC_GetState	16	static
../Drivers/STM32F0xx_HAL_Driver/Src/stm32f0xx_hal_dac.c:825:10:HAL_DAC_GetError	16	static
