../Core/Src/main.c:146:6:add_to_gpiobuf	24	static
../Core/Src/main.c:156:6:HAL_TIM_OC_DelayElapsedCallback	88	static
../Core/Src/main.c:423:6:HAL_UART_RxCpltCallback	32	static
../Core/Src/main.c:510:5:main	16	static
../Core/Src/main.c:572:6:SystemClock_Config	104	static
../Core/Src/main.c:619:13:MX_ADC_Init	24	static
../Core/Src/main.c:768:13:MX_DAC1_Init	16	static
../Core/Src/main.c:805:13:MX_I2C1_Init	8	static
../Core/Src/main.c:850:13:MX_SPI1_Init	8	static
../Core/Src/main.c:888:13:MX_SPI2_Init	8	static
../Core/Src/main.c:926:13:MX_TIM1_Init	96	static
../Core/Src/main.c:996:13:MX_TIM2_Init	64	static
../Core/Src/main.c:1049:13:MX_USART1_UART_Init	8	static
../Core/Src/main.c:1082:13:MX_DMA_Init	16	static
../Core/Src/main.c:1099:13:MX_GPIO_Init	56	static
../Core/Src/main.c:1152:6:Error_Handler	8	static,ignoring_inline_asm
