../Drivers/CMSIS/Include/core_cm0.h:856:34:__NVIC_SystemReset	8	static,ignoring_inline_asm
../Core/Src/main.c:145:9:poll_i2c_sensor	48	static
../Core/Src/main.c:171:10:i2c	40	static
../Core/Src/main.c:185:11:hk_adc	64	static
../Core/Src/main.c:222:6:send_hk_packet	56	static
../Core/Src/main.c:276:6:HAL_TIM_OC_DelayElapsedCallback	48	static
../Core/Src/main.c:424:6:HAL_UART_RxCpltCallback	24	static
../Core/Src/main.c:623:5:main	16	static
../Core/Src/main.c:731:6:SystemClock_Config	104	static
../Core/Src/main.c:780:13:MX_ADC_Init	24	static
../Core/Src/main.c:962:13:MX_DAC1_Init	16	static
../Core/Src/main.c:1002:13:MX_I2C1_Init	8	static
../Core/Src/main.c:1050:13:MX_SPI1_Init	8	static
../Core/Src/main.c:1090:13:MX_SPI2_Init	8	static
../Core/Src/main.c:1130:13:MX_TIM1_Init	96	static
../Core/Src/main.c:1205:13:MX_TIM2_Init	64	static
../Core/Src/main.c:1263:13:MX_USART1_UART_Init	8	static
../Core/Src/main.c:1298:13:MX_DMA_Init	16	static
../Core/Src/main.c:1316:13:MX_GPIO_Init	56	static
../Core/Src/main.c:1369:6:Error_Handler	8	static,ignoring_inline_asm
