core_cm0.h:856:34:__NVIC_SystemReset	1
main.c:143:10:fill_pmt_data	2
main.c:161:6:HAL_TIM_OC_DelayElapsedCallback	21
main.c:465:6:HAL_UART_RxCpltCallback	32
main.c:636:5:main	5
main.c:750:6:SystemClock_Config	4
main.c:799:13:MX_ADC_Init	19
main.c:981:13:MX_DAC1_Init	3
main.c:1021:13:MX_I2C1_Init	4
main.c:1069:13:MX_SPI1_Init	2
main.c:1109:13:MX_SPI2_Init	2
main.c:1149:13:MX_TIM1_Init	7
main.c:1224:13:MX_TIM2_Init	6
main.c:1282:13:MX_USART1_UART_Init	2
main.c:1317:13:MX_DMA_Init	1
main.c:1335:13:MX_GPIO_Init	1
main.c:1388:6:Error_Handler	1
