../Drivers/CMSIS/Include/core_cm0.h:856:34:__NVIC_SystemReset	8	static,ignoring_inline_asm
../Core/Src/main.c:148:6:HAL_TIM_OC_DelayElapsedCallback	96	static
../Core/Src/main.c:463:6:HAL_UART_RxCpltCallback	24	static
../Core/Src/main.c:651:5:main	8	static
../Core/Src/main.c:760:6:SystemClock_Config	104	static
../Core/Src/main.c:809:13:MX_ADC_Init	24	static
../Core/Src/main.c:991:13:MX_DAC1_Init	16	static
../Core/Src/main.c:1031:13:MX_I2C1_Init	8	static
../Core/Src/main.c:1079:13:MX_SPI1_Init	8	static
../Core/Src/main.c:1119:13:MX_SPI2_Init	8	static
../Core/Src/main.c:1159:13:MX_TIM1_Init	96	static
../Core/Src/main.c:1234:13:MX_TIM2_Init	64	static
../Core/Src/main.c:1292:13:MX_USART1_UART_Init	8	static
../Core/Src/main.c:1327:13:MX_DMA_Init	16	static
../Core/Src/main.c:1345:13:MX_GPIO_Init	56	static
../Core/Src/main.c:1398:6:Error_Handler	8	static,ignoring_inline_asm
