../Drivers/CMSIS/Include/core_cm0.h:856:34:__NVIC_SystemReset	8	static,ignoring_inline_asm
../Core/Src/main.c:155:6:HAL_TIM_OC_DelayElapsedCallback	104	static
../Core/Src/main.c:483:6:HAL_UART_RxCpltCallback	24	static
../Core/Src/main.c:671:5:main	8	static
../Core/Src/main.c:780:6:SystemClock_Config	104	static
../Core/Src/main.c:829:13:MX_ADC_Init	24	static
../Core/Src/main.c:1011:13:MX_DAC1_Init	16	static
../Core/Src/main.c:1051:13:MX_I2C1_Init	8	static
../Core/Src/main.c:1099:13:MX_SPI1_Init	8	static
../Core/Src/main.c:1139:13:MX_SPI2_Init	8	static
../Core/Src/main.c:1179:13:MX_TIM1_Init	96	static
../Core/Src/main.c:1254:13:MX_TIM2_Init	64	static
../Core/Src/main.c:1312:13:MX_USART1_UART_Init	8	static
../Core/Src/main.c:1347:13:MX_DMA_Init	16	static
../Core/Src/main.c:1365:13:MX_GPIO_Init	56	static
../Core/Src/main.c:1418:6:Error_Handler	8	static,ignoring_inline_asm
