../Drivers/CMSIS/Include/core_cm0.h:856:34:__NVIC_SystemReset	8	static,ignoring_inline_asm
../Core/Src/main.c:149:6:HAL_TIM_OC_DelayElapsedCallback	96	static
../Core/Src/main.c:465:6:HAL_UART_RxCpltCallback	24	static
../Core/Src/main.c:664:5:main	16	static
../Core/Src/main.c:772:6:SystemClock_Config	104	static
../Core/Src/main.c:821:13:MX_ADC_Init	24	static
../Core/Src/main.c:1003:13:MX_DAC1_Init	16	static
../Core/Src/main.c:1043:13:MX_I2C1_Init	8	static
../Core/Src/main.c:1091:13:MX_SPI1_Init	8	static
../Core/Src/main.c:1131:13:MX_SPI2_Init	8	static
../Core/Src/main.c:1171:13:MX_TIM1_Init	96	static
../Core/Src/main.c:1246:13:MX_TIM2_Init	64	static
../Core/Src/main.c:1304:13:MX_USART1_UART_Init	8	static
../Core/Src/main.c:1339:13:MX_DMA_Init	16	static
../Core/Src/main.c:1357:13:MX_GPIO_Init	56	static
../Core/Src/main.c:1410:6:Error_Handler	8	static,ignoring_inline_asm
