../Drivers/CMSIS/Include/core_cm0.h:856:34:__NVIC_SystemReset	8	static,ignoring_inline_asm
../Core/Src/main.c:146:10:fill_pmt_data	24	static
../Core/Src/main.c:169:6:HAL_TIM_OC_DelayElapsedCallback	88	static
../Core/Src/main.c:460:6:HAL_UART_RxCpltCallback	24	static
../Core/Src/main.c:631:5:main	16	static
../Core/Src/main.c:737:6:SystemClock_Config	104	static
../Core/Src/main.c:786:13:MX_ADC_Init	24	static
../Core/Src/main.c:968:13:MX_DAC1_Init	16	static
../Core/Src/main.c:1008:13:MX_I2C1_Init	8	static
../Core/Src/main.c:1056:13:MX_SPI1_Init	8	static
../Core/Src/main.c:1096:13:MX_SPI2_Init	8	static
../Core/Src/main.c:1136:13:MX_TIM1_Init	32	static
../Core/Src/main.c:1182:13:MX_TIM2_Init	32	static
../Core/Src/main.c:1226:13:MX_USART1_UART_Init	8	static
../Core/Src/main.c:1261:13:MX_DMA_Init	16	static
../Core/Src/main.c:1279:13:MX_GPIO_Init	56	static
../Core/Src/main.c:1342:6:Error_Handler	8	static,ignoring_inline_asm
