../Drivers/CMSIS/Include/core_cm0.h:856:34:__NVIC_SystemReset	8	static,ignoring_inline_asm
../Core/Src/main.c:141:9:poll_i2c_sensor	48	static
../Core/Src/main.c:176:10:i2c	40	static
../Core/Src/main.c:197:11:hk_adc	64	static
../Core/Src/main.c:240:11:erpa_adc	40	static
../Core/Src/main.c:264:6:set_erpa_sweep	8	static
../Core/Src/main.c:273:6:do_auto_sweep	8	static
../Core/Src/main.c:304:10:spi	24	static
../Core/Src/main.c:321:6:send_erpa_packet	32	static
../Core/Src/main.c:351:6:send_hk_packet	56	static
../Core/Src/main.c:404:6:send_pmt_packet	24	static
../Core/Src/main.c:426:6:HAL_TIM_OC_DelayElapsedCallback	128	static
../Core/Src/main.c:494:6:HAL_UART_RxCpltCallback	24	static
../Core/Src/main.c:703:5:main	8	static
../Core/Src/main.c:780:6:SystemClock_Config	104	static
../Core/Src/main.c:829:13:MX_ADC_Init	24	static
../Core/Src/main.c:1011:13:MX_DAC1_Init	16	static
../Core/Src/main.c:1051:13:MX_I2C1_Init	8	static
../Core/Src/main.c:1099:13:MX_SPI1_Init	8	static
../Core/Src/main.c:1139:13:MX_SPI2_Init	8	static
../Core/Src/main.c:1179:13:MX_TIM1_Init	96	static
../Core/Src/main.c:1254:13:MX_TIM2_Init	64	static
../Core/Src/main.c:1312:13:MX_USART1_UART_Init	8	static
../Core/Src/main.c:1347:13:MX_DMA_Init	16	static
../Core/Src/main.c:1365:13:MX_GPIO_Init	56	static
../Core/Src/main.c:1418:6:Error_Handler	8	static,ignoring_inline_asm
