../Drivers/CMSIS/Include/core_cm0.h:856:34:__NVIC_SystemReset	8	static,ignoring_inline_asm
../Core/Src/main.c:148:9:poll_i2c_sensor	48	static
../Core/Src/main.c:183:10:i2c	40	static
../Core/Src/main.c:204:11:hk_adc	64	static
../Core/Src/main.c:247:11:erpa_adc	40	static
../Core/Src/main.c:271:6:set_erpa_sweep	8	static
../Core/Src/main.c:280:6:do_auto_sweep	8	static
../Core/Src/main.c:307:10:spi	24	static
../Core/Src/main.c:324:6:send_erpa_packet	32	static
../Core/Src/main.c:354:6:send_hk_packet	56	static
../Core/Src/main.c:406:6:send_pmt_packet	24	static
../Core/Src/main.c:428:6:HAL_TIM_OC_DelayElapsedCallback	128	static
../Core/Src/main.c:482:6:HAL_UART_RxCpltCallback	24	static
../Core/Src/main.c:690:5:main	8	static
../Core/Src/main.c:767:6:SystemClock_Config	104	static
../Core/Src/main.c:816:13:MX_ADC_Init	24	static
../Core/Src/main.c:998:13:MX_DAC1_Init	16	static
../Core/Src/main.c:1038:13:MX_I2C1_Init	8	static
../Core/Src/main.c:1086:13:MX_SPI1_Init	8	static
../Core/Src/main.c:1126:13:MX_SPI2_Init	8	static
../Core/Src/main.c:1166:13:MX_TIM1_Init	96	static
../Core/Src/main.c:1241:13:MX_TIM2_Init	64	static
../Core/Src/main.c:1299:13:MX_TIM3_Init	48	static
../Core/Src/main.c:1347:13:MX_USART1_UART_Init	8	static
../Core/Src/main.c:1382:13:MX_DMA_Init	16	static
../Core/Src/main.c:1400:13:MX_GPIO_Init	56	static
../Core/Src/main.c:1453:6:Error_Handler	8	static,ignoring_inline_asm
