../Drivers/CMSIS/Include/core_cm0.h:856:34:__NVIC_SystemReset	8	static,ignoring_inline_asm
../Core/Src/main.c:141:9:poll_i2c_sensor	48	static
../Core/Src/main.c:167:10:i2c	40	static
../Core/Src/main.c:181:11:hk_adc	64	static
../Core/Src/main.c:219:11:erpa_adc	40	static
../Core/Src/main.c:238:6:set_erpa_sweep	8	static
../Core/Src/main.c:242:6:do_auto_sweep	8	static
../Core/Src/main.c:256:10:spi	24	static
../Core/Src/main.c:265:6:send_erpa_packet	32	static
../Core/Src/main.c:288:6:send_hk_packet	56	static
../Core/Src/main.c:337:6:send_pmt_packet	24	static
../Core/Src/main.c:353:6:HAL_TIM_OC_DelayElapsedCallback	128	static
../Core/Src/main.c:412:6:HAL_UART_RxCpltCallback	24	static
../Core/Src/main.c:611:5:main	16	static
../Core/Src/main.c:719:6:SystemClock_Config	104	static
../Core/Src/main.c:768:13:MX_ADC_Init	24	static
../Core/Src/main.c:950:13:MX_DAC1_Init	16	static
../Core/Src/main.c:990:13:MX_I2C1_Init	8	static
../Core/Src/main.c:1038:13:MX_SPI1_Init	8	static
../Core/Src/main.c:1078:13:MX_SPI2_Init	8	static
../Core/Src/main.c:1118:13:MX_TIM1_Init	96	static
../Core/Src/main.c:1193:13:MX_TIM2_Init	64	static
../Core/Src/main.c:1251:13:MX_USART1_UART_Init	8	static
../Core/Src/main.c:1286:13:MX_DMA_Init	16	static
../Core/Src/main.c:1304:13:MX_GPIO_Init	56	static
../Core/Src/main.c:1357:6:Error_Handler	8	static,ignoring_inline_asm
