core_cm0.h:856:34:__NVIC_SystemReset	1
main.c:143:10:fill_pmt_data	2
main.c:161:6:HAL_TIM_OC_DelayElapsedCallback	21
main.c:465:6:HAL_UART_RxCpltCallback	32
main.c:636:5:main	4
main.c:748:6:SystemClock_Config	4
main.c:797:13:MX_ADC_Init	19
main.c:979:13:MX_DAC1_Init	3
main.c:1019:13:MX_I2C1_Init	4
main.c:1067:13:MX_SPI1_Init	2
main.c:1107:13:MX_SPI2_Init	2
main.c:1147:13:MX_TIM1_Init	7
main.c:1222:13:MX_TIM2_Init	6
main.c:1280:13:MX_USART1_UART_Init	2
main.c:1315:13:MX_DMA_Init	1
main.c:1333:13:MX_GPIO_Init	1
main.c:1386:6:Error_Handler	1
