../Drivers/CMSIS/Include/core_cm0.h:856:34:__NVIC_SystemReset	8	static,ignoring_inline_asm
../Core/Src/main.c:144:9:poll_i2c_sensor	48	static
../Core/Src/main.c:170:10:i2c	40	static
../Core/Src/main.c:184:11:hk_adc	64	static
../Core/Src/main.c:222:11:erpa_adc	64	static
../Core/Src/main.c:244:6:set_erpa_sweep	8	static
../Core/Src/main.c:248:6:send_erpa_packet	32	static
../Core/Src/main.c:271:6:send_hk_packet	56	static
../Core/Src/main.c:321:6:HAL_TIM_OC_DelayElapsedCallback	32	static
../Core/Src/main.c:439:6:HAL_UART_RxCpltCallback	24	static
../Core/Src/main.c:638:5:main	16	static
../Core/Src/main.c:746:6:SystemClock_Config	104	static
../Core/Src/main.c:795:13:MX_ADC_Init	24	static
../Core/Src/main.c:977:13:MX_DAC1_Init	16	static
../Core/Src/main.c:1017:13:MX_I2C1_Init	8	static
../Core/Src/main.c:1065:13:MX_SPI1_Init	8	static
../Core/Src/main.c:1105:13:MX_SPI2_Init	8	static
../Core/Src/main.c:1145:13:MX_TIM1_Init	96	static
../Core/Src/main.c:1220:13:MX_TIM2_Init	64	static
../Core/Src/main.c:1278:13:MX_USART1_UART_Init	8	static
../Core/Src/main.c:1313:13:MX_DMA_Init	16	static
../Core/Src/main.c:1331:13:MX_GPIO_Init	56	static
../Core/Src/main.c:1384:6:Error_Handler	8	static,ignoring_inline_asm
