../Drivers/CMSIS/Include/core_cm0.h:856:34:__NVIC_SystemReset	8	static,ignoring_inline_asm
../Core/Src/main.c:148:9:poll_i2c_sensor	48	static
../Core/Src/main.c:183:10:i2c	40	static
../Core/Src/main.c:204:11:hk_adc	64	static
../Core/Src/main.c:247:11:erpa_adc	40	static
../Core/Src/main.c:271:6:set_erpa_sweep	8	static
../Core/Src/main.c:280:6:do_auto_sweep	8	static
../Core/Src/main.c:311:10:spi	24	static
../Core/Src/main.c:328:6:send_erpa_packet	32	static
../Core/Src/main.c:358:6:send_hk_packet	56	static
../Core/Src/main.c:411:6:send_pmt_packet	24	static
../Core/Src/main.c:433:6:HAL_TIM_OC_DelayElapsedCallback	136	static
../Core/Src/main.c:498:6:HAL_UART_RxCpltCallback	24	static
../Core/Src/main.c:705:5:main	8	static
../Core/Src/main.c:782:6:SystemClock_Config	104	static
../Core/Src/main.c:831:13:MX_ADC_Init	24	static
../Core/Src/main.c:1013:13:MX_DAC1_Init	16	static
../Core/Src/main.c:1053:13:MX_I2C1_Init	8	static
../Core/Src/main.c:1101:13:MX_SPI1_Init	8	static
../Core/Src/main.c:1141:13:MX_SPI2_Init	8	static
../Core/Src/main.c:1181:13:MX_TIM1_Init	96	static
../Core/Src/main.c:1256:13:MX_TIM2_Init	64	static
../Core/Src/main.c:1314:13:MX_USART1_UART_Init	8	static
../Core/Src/main.c:1349:13:MX_DMA_Init	16	static
../Core/Src/main.c:1367:13:MX_GPIO_Init	56	static
../Core/Src/main.c:1420:6:Error_Handler	8	static,ignoring_inline_asm
