../Drivers/CMSIS/Include/core_cm0.h:856:34:__NVIC_SystemReset	8	static,ignoring_inline_asm
../Core/Src/main.c:179:6:HAL_TIM_OC_DelayElapsedCallback	104	static
../Core/Src/main.c:725:5:main	16	static
../Core/Src/main.c:806:6:SystemClock_Config	104	static
../Core/Src/main.c:855:13:MX_ADC_Init	24	static
../Core/Src/main.c:1037:13:MX_DAC1_Init	16	static
../Core/Src/main.c:1077:13:MX_I2C1_Init	8	static
../Core/Src/main.c:1125:13:MX_SPI1_Init	8	static
../Core/Src/main.c:1165:13:MX_SPI2_Init	8	static
../Core/Src/main.c:1205:13:MX_TIM1_Init	32	static
../Core/Src/main.c:1251:13:MX_TIM2_Init	32	static
../Core/Src/main.c:1295:13:MX_USART1_UART_Init	8	static
../Core/Src/main.c:1330:13:MX_DMA_Init	16	static
../Core/Src/main.c:1348:13:MX_GPIO_Init	56	static
../Core/Src/main.c:1411:6:Error_Handler	8	static,ignoring_inline_asm
