12:10:41 **** Incremental Build of configuration Debug for project Quick-Test ****
make -j7 all 
arm-none-eabi-gcc "../Core/Src/main.c" -mcpu=cortex-m0 -std=gnu11 -g3 -DDEBUG -DUSE_HAL_DRIVER -DSTM32F051x8 -c -I../Core/Inc -I../Drivers/STM32F0xx_HAL_Driver/Inc -I../Drivers/STM32F0xx_HAL_Driver/Inc/Legacy -I../Drivers/CMSIS/Device/ST/STM32F0xx/Include -I../Drivers/CMSIS/Include -O0 -ffunction-sections -fdata-sections -Wall -u _print_float -fstack-usage -fcyclomatic-complexity -MMD -MP -MF"Core/Src/main.d" -MT"Core/Src/main.o" --specs=nano.specs -mfloat-abi=soft -mthumb -o "Core/Src/main.o"
../Core/Src/main.c: In function 'HAL_UART_RxCpltCallback':
../Core/Src/main.c:152:42: warning: passing argument 2 of 'HAL_UART_Transmit' discards 'const' qualifier from pointer target type [-Wdiscarded-qualifiers]
  152 |     HAL_UART_Transmit(&huart1, gpio_names[i], 4, 100);
      |                                ~~~~~~~~~~^~~
In file included from ../Core/Inc/stm32f0xx_hal_conf.h:289,
                 from ../Drivers/STM32F0xx_HAL_Driver/Inc/stm32f0xx_hal.h:30,
                 from ../Core/Inc/main.h:30,
                 from ../Core/Src/main.c:20:
../Drivers/STM32F0xx_HAL_Driver/Inc/stm32f0xx_hal_uart.h:1528:73: note: expected 'uint8_t *' {aka 'unsigned char *'} but argument is of type 'const char *'
 1528 | HAL_StatusTypeDef HAL_UART_Transmit(UART_HandleTypeDef *huart, uint8_t *pData, uint16_t Size, uint32_t Timeout);
      |                                                                ~~~~~~~~~^~~~~
../Core/Src/main.c:155:33: warning: pointer targets in passing argument 2 of 'HAL_UART_Transmit' differ in signedness [-Wpointer-sign]
  155 |      HAL_UART_Transmit(&huart1, ": H", 3, 100);
      |                                 ^~~~~
      |                                 |
      |                                 char *
In file included from ../Core/Inc/stm32f0xx_hal_conf.h:289,
                 from ../Drivers/STM32F0xx_HAL_Driver/Inc/stm32f0xx_hal.h:30,
                 from ../Core/Inc/main.h:30,
                 from ../Core/Src/main.c:20:
../Drivers/STM32F0xx_HAL_Driver/Inc/stm32f0xx_hal_uart.h:1528:73: note: expected 'uint8_t *' {aka 'unsigned char *'} but argument is of type 'char *'
 1528 | HAL_StatusTypeDef HAL_UART_Transmit(UART_HandleTypeDef *huart, uint8_t *pData, uint16_t Size, uint32_t Timeout);
      |                                                                ~~~~~~~~~^~~~~
../Core/Src/main.c:157:33: warning: pointer targets in passing argument 2 of 'HAL_UART_Transmit' differ in signedness [-Wpointer-sign]
  157 |      HAL_UART_Transmit(&huart1, ": L", 3, 100);
      |                                 ^~~~~
      |                                 |
      |                                 char *
In file included from ../Core/Inc/stm32f0xx_hal_conf.h:289,
                 from ../Drivers/STM32F0xx_HAL_Driver/Inc/stm32f0xx_hal.h:30,
                 from ../Core/Inc/main.h:30,
                 from ../Core/Src/main.c:20:
../Drivers/STM32F0xx_HAL_Driver/Inc/stm32f0xx_hal_uart.h:1528:73: note: expected 'uint8_t *' {aka 'unsigned char *'} but argument is of type 'char *'
 1528 | HAL_StatusTypeDef HAL_UART_Transmit(UART_HandleTypeDef *huart, uint8_t *pData, uint16_t Size, uint32_t Timeout);
      |                                                                ~~~~~~~~~^~~~~
../Core/Src/main.c:159:32: warning: pointer targets in passing argument 2 of 'HAL_UART_Transmit' differ in signedness [-Wpointer-sign]
  159 |     HAL_UART_Transmit(&huart1, "\r\n", 2, 100);
      |                                ^~~~~~
      |                                |
      |                                char *
In file included from ../Core/Inc/stm32f0xx_hal_conf.h:289,
                 from ../Drivers/STM32F0xx_HAL_Driver/Inc/stm32f0xx_hal.h:30,
                 from ../Core/Inc/main.h:30,
                 from ../Core/Src/main.c:20:
../Drivers/STM32F0xx_HAL_Driver/Inc/stm32f0xx_hal_uart.h:1528:73: note: expected 'uint8_t *' {aka 'unsigned char *'} but argument is of type 'char *'
 1528 | HAL_StatusTypeDef HAL_UART_Transmit(UART_HandleTypeDef *huart, uint8_t *pData, uint16_t Size, uint32_t Timeout);
      |                                                                ~~~~~~~~~^~~~~
../Core/Src/main.c:162:31: warning: pointer targets in passing argument 2 of 'HAL_UART_Transmit' differ in signedness [-Wpointer-sign]
  162 |    HAL_UART_Transmit(&huart1, "\r\n", 2, 100);
      |                               ^~~~~~
      |                               |
      |                               char *
In file included from ../Core/Inc/stm32f0xx_hal_conf.h:289,
                 from ../Drivers/STM32F0xx_HAL_Driver/Inc/stm32f0xx_hal.h:30,
                 from ../Core/Inc/main.h:30,
                 from ../Core/Src/main.c:20:
../Drivers/STM32F0xx_HAL_Driver/Inc/stm32f0xx_hal_uart.h:1528:73: note: expected 'uint8_t *' {aka 'unsigned char *'} but argument is of type 'char *'
 1528 | HAL_StatusTypeDef HAL_UART_Transmit(UART_HandleTypeDef *huart, uint8_t *pData, uint16_t Size, uint32_t Timeout);
      |                                                                ~~~~~~~~~^~~~~
../Core/Src/main.c:179:33: warning: pointer targets in passing argument 2 of 'HAL_UART_Transmit' differ in signedness [-Wpointer-sign]
  179 |      HAL_UART_Transmit(&huart1, "800HVON", 7, 100);
      |                                 ^~~~~~~~~
      |                                 |
      |                                 char *
In file included from ../Core/Inc/stm32f0xx_hal_conf.h:289,
                 from ../Drivers/STM32F0xx_HAL_Driver/Inc/stm32f0xx_hal.h:30,
                 from ../Core/Inc/main.h:30,
                 from ../Core/Src/main.c:20:
../Drivers/STM32F0xx_HAL_Driver/Inc/stm32f0xx_hal_uart.h:1528:73: note: expected 'uint8_t *' {aka 'unsigned char *'} but argument is of type 'char *'
 1528 | HAL_StatusTypeDef HAL_UART_Transmit(UART_HandleTypeDef *huart, uint8_t *pData, uint16_t Size, uint32_t Timeout);
      |                                                                ~~~~~~~~~^~~~~
../Core/Src/main.c:189:33: warning: pointer targets in passing argument 2 of 'HAL_UART_Transmit' differ in signedness [-Wpointer-sign]
  189 |      HAL_UART_Transmit(&huart1, "SYS_ON", 6, 100);
      |                                 ^~~~~~~~
      |                                 |
      |                                 char *
In file included from ../Core/Inc/stm32f0xx_hal_conf.h:289,
                 from ../Drivers/STM32F0xx_HAL_Driver/Inc/stm32f0xx_hal.h:30,
                 from ../Core/Inc/main.h:30,
                 from ../Core/Src/main.c:20:
../Drivers/STM32F0xx_HAL_Driver/Inc/stm32f0xx_hal_uart.h:1528:73: note: expected 'uint8_t *' {aka 'unsigned char *'} but argument is of type 'char *'
 1528 | HAL_StatusTypeDef HAL_UART_Transmit(UART_HandleTypeDef *huart, uint8_t *pData, uint16_t Size, uint32_t Timeout);
      |                                                                ~~~~~~~~~^~~~~
../Core/Src/main.c:199:33: warning: pointer targets in passing argument 2 of 'HAL_UART_Transmit' differ in signedness [-Wpointer-sign]
  199 |      HAL_UART_Transmit(&huart1, "SYS_ON", 6, 100);
      |                                 ^~~~~~~~
      |                                 |
      |                                 char *
In file included from ../Core/Inc/stm32f0xx_hal_conf.h:289,
                 from ../Drivers/STM32F0xx_HAL_Driver/Inc/stm32f0xx_hal.h:30,
                 from ../Core/Inc/main.h:30,
                 from ../Core/Src/main.c:20:
../Drivers/STM32F0xx_HAL_Driver/Inc/stm32f0xx_hal_uart.h:1528:73: note: expected 'uint8_t *' {aka 'unsigned char *'} but argument is of type 'char *'
 1528 | HAL_StatusTypeDef HAL_UART_Transmit(UART_HandleTypeDef *huart, uint8_t *pData, uint16_t Size, uint32_t Timeout);
      |                                                                ~~~~~~~~~^~~~~
../Core/Src/main.c:210:33: warning: pointer targets in passing argument 2 of 'HAL_UART_Transmit' differ in signedness [-Wpointer-sign]
  210 |      HAL_UART_Transmit(&huart1, "3v3_MON", 7, 100);
      |                                 ^~~~~~~~~
      |                                 |
      |                                 char *
In file included from ../Core/Inc/stm32f0xx_hal_conf.h:289,
                 from ../Drivers/STM32F0xx_HAL_Driver/Inc/stm32f0xx_hal.h:30,
                 from ../Core/Inc/main.h:30,
                 from ../Core/Src/main.c:20:
../Drivers/STM32F0xx_HAL_Driver/Inc/stm32f0xx_hal_uart.h:1528:73: note: expected 'uint8_t *' {aka 'unsigned char *'} but argument is of type 'char *'
 1528 | HAL_StatusTypeDef HAL_UART_Transmit(UART_HandleTypeDef *huart, uint8_t *pData, uint16_t Size, uint32_t Timeout);
      |                                                                ~~~~~~~~~^~~~~
../Core/Src/main.c:220:33: warning: pointer targets in passing argument 2 of 'HAL_UART_Transmit' differ in signedness [-Wpointer-sign]
  220 |      HAL_UART_Transmit(&huart1, "n150v_MON", 9, 100);
      |                                 ^~~~~~~~~~~
      |                                 |
      |                                 char *
In file included from ../Core/Inc/stm32f0xx_hal_conf.h:289,
                 from ../Drivers/STM32F0xx_HAL_Driver/Inc/stm32f0xx_hal.h:30,
                 from ../Core/Inc/main.h:30,
                 from ../Core/Src/main.c:20:
../Drivers/STM32F0xx_HAL_Driver/Inc/stm32f0xx_hal_uart.h:1528:73: note: expected 'uint8_t *' {aka 'unsigned char *'} but argument is of type 'char *'
 1528 | HAL_StatusTypeDef HAL_UART_Transmit(UART_HandleTypeDef *huart, uint8_t *pData, uint16_t Size, uint32_t Timeout);
      |                                                                ~~~~~~~~~^~~~~
../Core/Src/main.c:230:33: warning: pointer targets in passing argument 2 of 'HAL_UART_Transmit' differ in signedness [-Wpointer-sign]
  230 |      HAL_UART_Transmit(&huart1, "TMP1", 4, 100);
      |                                 ^~~~~~
      |                                 |
      |                                 char *
In file included from ../Core/Inc/stm32f0xx_hal_conf.h:289,
                 from ../Drivers/STM32F0xx_HAL_Driver/Inc/stm32f0xx_hal.h:30,
                 from ../Core/Inc/main.h:30,
                 from ../Core/Src/main.c:20:
../Drivers/STM32F0xx_HAL_Driver/Inc/stm32f0xx_hal_uart.h:1528:73: note: expected 'uint8_t *' {aka 'unsigned char *'} but argument is of type 'char *'
 1528 | HAL_StatusTypeDef HAL_UART_Transmit(UART_HandleTypeDef *huart, uint8_t *pData, uint16_t Size, uint32_t Timeout);
      |                                                                ~~~~~~~~~^~~~~
../Core/Src/main.c:240:33: warning: pointer targets in passing argument 2 of 'HAL_UART_Transmit' differ in signedness [-Wpointer-sign]
  240 |      HAL_UART_Transmit(&huart1, "TMP2", 5, 100);
      |                                 ^~~~~~
      |                                 |
      |                                 char *
In file included from ../Core/Inc/stm32f0xx_hal_conf.h:289,
                 from ../Drivers/STM32F0xx_HAL_Driver/Inc/stm32f0xx_hal.h:30,
                 from ../Core/Inc/main.h:30,
                 from ../Core/Src/main.c:20:
../Drivers/STM32F0xx_HAL_Driver/Inc/stm32f0xx_hal_uart.h:1528:73: note: expected 'uint8_t *' {aka 'unsigned char *'} but argument is of type 'char *'
 1528 | HAL_StatusTypeDef HAL_UART_Transmit(UART_HandleTypeDef *huart, uint8_t *pData, uint16_t Size, uint32_t Timeout);
      |                                                                ~~~~~~~~~^~~~~
../Core/Src/main.c:251:33: warning: pointer targets in passing argument 2 of 'HAL_UART_Transmit' differ in signedness [-Wpointer-sign]
  251 |      HAL_UART_Transmit(&huart1, "n5v_MON", 7, 100);
      |                                 ^~~~~~~~~
      |                                 |
      |                                 char *
In file included from ../Core/Inc/stm32f0xx_hal_conf.h:289,
                 from ../Drivers/STM32F0xx_HAL_Driver/Inc/stm32f0xx_hal.h:30,
                 from ../Core/Inc/main.h:30,
                 from ../Core/Src/main.c:20:
../Drivers/STM32F0xx_HAL_Driver/Inc/stm32f0xx_hal_uart.h:1528:73: note: expected 'uint8_t *' {aka 'unsigned char *'} but argument is of type 'char *'
 1528 | HAL_StatusTypeDef HAL_UART_Transmit(UART_HandleTypeDef *huart, uint8_t *pData, uint16_t Size, uint32_t Timeout);
      |                                                                ~~~~~~~~~^~~~~
../Core/Src/main.c:262:33: warning: pointer targets in passing argument 2 of 'HAL_UART_Transmit' differ in signedness [-Wpointer-sign]
  262 |      HAL_UART_Transmit(&huart1, "n5v_MON", 7, 100);
      |                                 ^~~~~~~~~
      |                                 |
      |                                 char *
In file included from ../Core/Inc/stm32f0xx_hal_conf.h:289,
                 from ../Drivers/STM32F0xx_HAL_Driver/Inc/stm32f0xx_hal.h:30,
                 from ../Core/Inc/main.h:30,
                 from ../Core/Src/main.c:20:
../Drivers/STM32F0xx_HAL_Driver/Inc/stm32f0xx_hal_uart.h:1528:73: note: expected 'uint8_t *' {aka 'unsigned char *'} but argument is of type 'char *'
 1528 | HAL_StatusTypeDef HAL_UART_Transmit(UART_HandleTypeDef *huart, uint8_t *pData, uint16_t Size, uint32_t Timeout);
      |                                                                ~~~~~~~~~^~~~~
../Core/Src/main.c:273:33: warning: pointer targets in passing argument 2 of 'HAL_UART_Transmit' differ in signedness [-Wpointer-sign]
  273 |      HAL_UART_Transmit(&huart1, "5v_MON", 6, 100);
      |                                 ^~~~~~~~
      |                                 |
      |                                 char *
In file included from ../Core/Inc/stm32f0xx_hal_conf.h:289,
                 from ../Drivers/STM32F0xx_HAL_Driver/Inc/stm32f0xx_hal.h:30,
                 from ../Core/Inc/main.h:30,
                 from ../Core/Src/main.c:20:
../Drivers/STM32F0xx_HAL_Driver/Inc/stm32f0xx_hal_uart.h:1528:73: note: expected 'uint8_t *' {aka 'unsigned char *'} but argument is of type 'char *'
 1528 | HAL_StatusTypeDef HAL_UART_Transmit(UART_HandleTypeDef *huart, uint8_t *pData, uint16_t Size, uint32_t Timeout);
      |                                                                ~~~~~~~~~^~~~~
../Core/Src/main.c:284:33: warning: pointer targets in passing argument 2 of 'HAL_UART_Transmit' differ in signedness [-Wpointer-sign]
  284 |      HAL_UART_Transmit(&huart1, "n3v3_MON", 8, 100);
      |                                 ^~~~~~~~~~
      |                                 |
      |                                 char *
In file included from ../Core/Inc/stm32f0xx_hal_conf.h:289,
                 from ../Drivers/STM32F0xx_HAL_Driver/Inc/stm32f0xx_hal.h:30,
                 from ../Core/Inc/main.h:30,
                 from ../Core/Src/main.c:20:
../Drivers/STM32F0xx_HAL_Driver/Inc/stm32f0xx_hal_uart.h:1528:73: note: expected 'uint8_t *' {aka 'unsigned char *'} but argument is of type 'char *'
 1528 | HAL_StatusTypeDef HAL_UART_Transmit(UART_HandleTypeDef *huart, uint8_t *pData, uint16_t Size, uint32_t Timeout);
      |                                                                ~~~~~~~~~^~~~~
../Core/Src/main.c:294:33: warning: pointer targets in passing argument 2 of 'HAL_UART_Transmit' differ in signedness [-Wpointer-sign]
  294 |      HAL_UART_Transmit(&huart1, "n150v_MON", 9, 100);
      |                                 ^~~~~~~~~~~
      |                                 |
      |                                 char *
In file included from ../Core/Inc/stm32f0xx_hal_conf.h:289,
                 from ../Drivers/STM32F0xx_HAL_Driver/Inc/stm32f0xx_hal.h:30,
                 from ../Core/Inc/main.h:30,
                 from ../Core/Src/main.c:20:
../Drivers/STM32F0xx_HAL_Driver/Inc/stm32f0xx_hal_uart.h:1528:73: note: expected 'uint8_t *' {aka 'unsigned char *'} but argument is of type 'char *'
 1528 | HAL_StatusTypeDef HAL_UART_Transmit(UART_HandleTypeDef *huart, uint8_t *pData, uint16_t Size, uint32_t Timeout);
      |                                                                ~~~~~~~~~^~~~~
../Core/Src/main.c:305:33: warning: pointer targets in passing argument 2 of 'HAL_UART_Transmit' differ in signedness [-Wpointer-sign]
  305 |      HAL_UART_Transmit(&huart1, "15v_MON", 7, 100);
      |                                 ^~~~~~~~~
      |                                 |
      |                                 char *
In file included from ../Core/Inc/stm32f0xx_hal_conf.h:289,
                 from ../Drivers/STM32F0xx_HAL_Driver/Inc/stm32f0xx_hal.h:30,
                 from ../Core/Inc/main.h:30,
                 from ../Core/Src/main.c:20:
../Drivers/STM32F0xx_HAL_Driver/Inc/stm32f0xx_hal_uart.h:1528:73: note: expected 'uint8_t *' {aka 'unsigned char *'} but argument is of type 'char *'
 1528 | HAL_StatusTypeDef HAL_UART_Transmit(UART_HandleTypeDef *huart, uint8_t *pData, uint16_t Size, uint32_t Timeout);
      |                                                                ~~~~~~~~~^~~~~
../Core/Src/main.c:316:33: warning: pointer targets in passing argument 2 of 'HAL_UART_Transmit' differ in signedness [-Wpointer-sign]
  316 |      HAL_UART_Transmit(&huart1, "TMPSENSE", 8, 100);
      |                                 ^~~~~~~~~~
      |                                 |
      |                                 char *
In file included from ../Core/Inc/stm32f0xx_hal_conf.h:289,
                 from ../Drivers/STM32F0xx_HAL_Driver/Inc/stm32f0xx_hal.h:30,
                 from ../Core/Inc/main.h:30,
                 from ../Core/Src/main.c:20:
../Drivers/STM32F0xx_HAL_Driver/Inc/stm32f0xx_hal_uart.h:1528:73: note: expected 'uint8_t *' {aka 'unsigned char *'} but argument is of type 'char *'
 1528 | HAL_StatusTypeDef HAL_UART_Transmit(UART_HandleTypeDef *huart, uint8_t *pData, uint16_t Size, uint32_t Timeout);
      |                                                                ~~~~~~~~~^~~~~
../Core/Src/main.c:327:33: warning: pointer targets in passing argument 2 of 'HAL_UART_Transmit' differ in signedness [-Wpointer-sign]
  327 |      HAL_UART_Transmit(&huart1, "VREFINT", 7, 100);
      |                                 ^~~~~~~~~
      |                                 |
      |                                 char *
In file included from ../Core/Inc/stm32f0xx_hal_conf.h:289,
                 from ../Drivers/STM32F0xx_HAL_Driver/Inc/stm32f0xx_hal.h:30,
                 from ../Core/Inc/main.h:30,
                 from ../Core/Src/main.c:20:
../Drivers/STM32F0xx_HAL_Driver/Inc/stm32f0xx_hal_uart.h:1528:73: note: expected 'uint8_t *' {aka 'unsigned char *'} but argument is of type 'char *'
 1528 | HAL_StatusTypeDef HAL_UART_Transmit(UART_HandleTypeDef *huart, uint8_t *pData, uint16_t Size, uint32_t Timeout);
      |                                                                ~~~~~~~~~^~~~~
../Core/Src/main.c:336:32: warning: pointer targets in passing argument 2 of 'HAL_UART_Transmit' differ in signedness [-Wpointer-sign]
  336 |     HAL_UART_Transmit(&huart1, ": ", 2, 100);
      |                                ^~~~
      |                                |
      |                                char *
In file included from ../Core/Inc/stm32f0xx_hal_conf.h:289,
                 from ../Drivers/STM32F0xx_HAL_Driver/Inc/stm32f0xx_hal.h:30,
                 from ../Core/Inc/main.h:30,
                 from ../Core/Src/main.c:20:
../Drivers/STM32F0xx_HAL_Driver/Inc/stm32f0xx_hal_uart.h:1528:73: note: expected 'uint8_t *' {aka 'unsigned char *'} but argument is of type 'char *'
 1528 | HAL_StatusTypeDef HAL_UART_Transmit(UART_HandleTypeDef *huart, uint8_t *pData, uint16_t Size, uint32_t Timeout);
      |                                                                ~~~~~~~~~^~~~~
../Core/Src/main.c:337:32: warning: pointer targets in passing argument 2 of 'HAL_UART_Transmit' differ in signedness [-Wpointer-sign]
  337 |     HAL_UART_Transmit(&huart1, value, 8, 100);
      |                                ^~~~~
      |                                |
      |                                char *
In file included from ../Core/Inc/stm32f0xx_hal_conf.h:289,
                 from ../Drivers/STM32F0xx_HAL_Driver/Inc/stm32f0xx_hal.h:30,
                 from ../Core/Inc/main.h:30,
                 from ../Core/Src/main.c:20:
../Drivers/STM32F0xx_HAL_Driver/Inc/stm32f0xx_hal_uart.h:1528:73: note: expected 'uint8_t *' {aka 'unsigned char *'} but argument is of type 'char *'
 1528 | HAL_StatusTypeDef HAL_UART_Transmit(UART_HandleTypeDef *huart, uint8_t *pData, uint16_t Size, uint32_t Timeout);
      |                                                                ~~~~~~~~~^~~~~
../Core/Src/main.c:338:32: warning: pointer targets in passing argument 2 of 'HAL_UART_Transmit' differ in signedness [-Wpointer-sign]
  338 |     HAL_UART_Transmit(&huart1, "\r\n", 2, 100);
      |                                ^~~~~~
      |                                |
      |                                char *
In file included from ../Core/Inc/stm32f0xx_hal_conf.h:289,
                 from ../Drivers/STM32F0xx_HAL_Driver/Inc/stm32f0xx_hal.h:30,
                 from ../Core/Inc/main.h:30,
                 from ../Core/Src/main.c:20:
../Drivers/STM32F0xx_HAL_Driver/Inc/stm32f0xx_hal_uart.h:1528:73: note: expected 'uint8_t *' {aka 'unsigned char *'} but argument is of type 'char *'
 1528 | HAL_StatusTypeDef HAL_UART_Transmit(UART_HandleTypeDef *huart, uint8_t *pData, uint16_t Size, uint32_t Timeout);
      |                                                                ~~~~~~~~~^~~~~
../Core/Src/main.c:169:13: warning: variable 'adcval' set but not used [-Wunused-but-set-variable]
  169 |     uint8_t adcval[2];
      |             ^~~~~~
../Core/Src/main.c:342:31: warning: pointer targets in passing argument 2 of 'HAL_UART_Transmit' differ in signedness [-Wpointer-sign]
  342 |    HAL_UART_Transmit(&huart1, "\r\n", 2, 100);
      |                               ^~~~~~
      |                               |
      |                               char *
In file included from ../Core/Inc/stm32f0xx_hal_conf.h:289,
                 from ../Drivers/STM32F0xx_HAL_Driver/Inc/stm32f0xx_hal.h:30,
                 from ../Core/Inc/main.h:30,
                 from ../Core/Src/main.c:20:
../Drivers/STM32F0xx_HAL_Driver/Inc/stm32f0xx_hal_uart.h:1528:73: note: expected 'uint8_t *' {aka 'unsigned char *'} but argument is of type 'char *'
 1528 | HAL_StatusTypeDef HAL_UART_Transmit(UART_HandleTypeDef *huart, uint8_t *pData, uint16_t Size, uint32_t Timeout);
      |                                                                ~~~~~~~~~^~~~~
../Core/Src/main.c:326:24: warning: 'sprintf' may write a terminating nul past the end of the destination [-Wformat-overflow=]
  326 |      sprintf(value, "%f", voltage);
      |                        ^
../Core/Src/main.c:326:6: note: 'sprintf' output between 4 and 318 bytes into a destination of size 8
  326 |      sprintf(value, "%f", voltage);
      |      ^~~~~~~~~~~~~~~~~~~~~~~~~~~~~
../Core/Src/main.c:315:24: warning: 'sprintf' may write a terminating nul past the end of the destination [-Wformat-overflow=]
  315 |      sprintf(value, "%f", voltage);
      |                        ^
../Core/Src/main.c:315:6: note: 'sprintf' output between 4 and 318 bytes into a destination of size 8
  315 |      sprintf(value, "%f", voltage);
      |      ^~~~~~~~~~~~~~~~~~~~~~~~~~~~~
../Core/Src/main.c:304:24: warning: 'sprintf' may write a terminating nul past the end of the destination [-Wformat-overflow=]
  304 |      sprintf(value, "%f", voltage);
      |                        ^
../Core/Src/main.c:304:6: note: 'sprintf' output between 4 and 318 bytes into a destination of size 8
  304 |      sprintf(value, "%f", voltage);
      |      ^~~~~~~~~~~~~~~~~~~~~~~~~~~~~
../Core/Src/main.c:293:24: warning: 'sprintf' may write a terminating nul past the end of the destination [-Wformat-overflow=]
  293 |      sprintf(value, "%f", voltage);
      |                        ^
../Core/Src/main.c:293:6: note: 'sprintf' output between 4 and 318 bytes into a destination of size 8
  293 |      sprintf(value, "%f", voltage);
      |      ^~~~~~~~~~~~~~~~~~~~~~~~~~~~~
../Core/Src/main.c:283:24: warning: 'sprintf' may write a terminating nul past the end of the destination [-Wformat-overflow=]
  283 |      sprintf(value, "%f", voltage);
      |                        ^
../Core/Src/main.c:283:6: note: 'sprintf' output between 4 and 318 bytes into a destination of size 8
  283 |      sprintf(value, "%f", voltage);
      |      ^~~~~~~~~~~~~~~~~~~~~~~~~~~~~
../Core/Src/main.c:272:24: warning: 'sprintf' may write a terminating nul past the end of the destination [-Wformat-overflow=]
  272 |      sprintf(value, "%f", voltage);
      |                        ^
../Core/Src/main.c:272:6: note: 'sprintf' output between 4 and 318 bytes into a destination of size 8
  272 |      sprintf(value, "%f", voltage);
      |      ^~~~~~~~~~~~~~~~~~~~~~~~~~~~~
../Core/Src/main.c:261:24: warning: 'sprintf' may write a terminating nul past the end of the destination [-Wformat-overflow=]
  261 |      sprintf(value, "%f", voltage);
      |                        ^
../Core/Src/main.c:261:6: note: 'sprintf' output between 4 and 318 bytes into a destination of size 8
  261 |      sprintf(value, "%f", voltage);
      |      ^~~~~~~~~~~~~~~~~~~~~~~~~~~~~
../Core/Src/main.c:250:24: warning: 'sprintf' may write a terminating nul past the end of the destination [-Wformat-overflow=]
  250 |      sprintf(value, "%f", voltage);
      |                        ^
../Core/Src/main.c:250:6: note: 'sprintf' output between 4 and 318 bytes into a destination of size 8
  250 |      sprintf(value, "%f", voltage);
      |      ^~~~~~~~~~~~~~~~~~~~~~~~~~~~~
../Core/Src/main.c:239:24: warning: 'sprintf' may write a terminating nul past the end of the destination [-Wformat-overflow=]
  239 |      sprintf(value, "%f", voltage);
      |                        ^
../Core/Src/main.c:239:6: note: 'sprintf' output between 4 and 318 bytes into a destination of size 8
  239 |      sprintf(value, "%f", voltage);
      |      ^~~~~~~~~~~~~~~~~~~~~~~~~~~~~
../Core/Src/main.c:229:24: warning: 'sprintf' may write a terminating nul past the end of the destination [-Wformat-overflow=]
  229 |      sprintf(value, "%f", voltage);
      |                        ^
../Core/Src/main.c:229:6: note: 'sprintf' output between 4 and 318 bytes into a destination of size 8
  229 |      sprintf(value, "%f", voltage);
      |      ^~~~~~~~~~~~~~~~~~~~~~~~~~~~~
../Core/Src/main.c:219:24: warning: 'sprintf' may write a terminating nul past the end of the destination [-Wformat-overflow=]
  219 |      sprintf(value, "%f", voltage);
      |                        ^
../Core/Src/main.c:219:6: note: 'sprintf' output between 4 and 318 bytes into a destination of size 8
  219 |      sprintf(value, "%f", voltage);
      |      ^~~~~~~~~~~~~~~~~~~~~~~~~~~~~
../Core/Src/main.c:209:24: warning: 'sprintf' may write a terminating nul past the end of the destination [-Wformat-overflow=]
  209 |      sprintf(value, "%f", voltage);
      |                        ^
../Core/Src/main.c:209:6: note: 'sprintf' output between 4 and 318 bytes into a destination of size 8
  209 |      sprintf(value, "%f", voltage);
      |      ^~~~~~~~~~~~~~~~~~~~~~~~~~~~~
../Core/Src/main.c:198:24: warning: 'sprintf' may write a terminating nul past the end of the destination [-Wformat-overflow=]
  198 |      sprintf(value, "%f", voltage);
      |                        ^
../Core/Src/main.c:198:6: note: 'sprintf' output between 4 and 318 bytes into a destination of size 8
  198 |      sprintf(value, "%f", voltage);
      |      ^~~~~~~~~~~~~~~~~~~~~~~~~~~~~
../Core/Src/main.c:188:24: warning: 'sprintf' may write a terminating nul past the end of the destination [-Wformat-overflow=]
  188 |      sprintf(value, "%f", voltage);
      |                        ^
../Core/Src/main.c:188:6: note: 'sprintf' output between 4 and 318 bytes into a destination of size 8
  188 |      sprintf(value, "%f", voltage);
      |      ^~~~~~~~~~~~~~~~~~~~~~~~~~~~~
../Core/Src/main.c:178:24: warning: 'sprintf' may write a terminating nul past the end of the destination [-Wformat-overflow=]
  178 |      sprintf(value, "%f", voltage);
      |                        ^
../Core/Src/main.c:178:6: note: 'sprintf' output between 4 and 318 bytes into a destination of size 8
  178 |      sprintf(value, "%f", voltage);
      |      ^~~~~~~~~~~~~~~~~~~~~~~~~~~~~
At top level:
../Core/Src/main.c:66:22: warning: 'REG_TEMP' defined but not used [-Wunused-const-variable=]
   66 | static const uint8_t REG_TEMP = 0x00;
      |                      ^~~~~~~~
../Core/Src/main.c:65:22: warning: 'ADT7410_2' defined but not used [-Wunused-const-variable=]
   65 | static const uint8_t ADT7410_2 = 0x4B << 1;
      |                      ^~~~~~~~~
../Core/Src/main.c:64:22: warning: 'ADT7410_1' defined but not used [-Wunused-const-variable=]
   64 | static const uint8_t ADT7410_1 = 0x4A << 1; // Use 8-bit address
      |                      ^~~~~~~~~
arm-none-eabi-gcc -o "Quick-Test.elf" @"objects.list"   -mcpu=cortex-m0 -T"/Users/jaredmorrison/Desktop/sanjSoftware/Quick-Test/STM32F051R8TX_FLASH.ld" --specs=nosys.specs -Wl,-Map="Quick-Test.map" -Wl,--gc-sections -static -u _print_float --specs=nano.specs -mfloat-abi=soft -mthumb -u _printf_float -u _scanf_float -Wl,--start-group -lc -lm -Wl,--end-group
Finished building target: Quick-Test.elf
 
arm-none-eabi-size   Quick-Test.elf 
arm-none-eabi-objdump -h -S  Quick-Test.elf  > "Quick-Test.list"
   text	   data	    bss	    dec	    hex	filename
  49232	    524	   2148	  51904	   cac0	Quick-Test.elf
Finished building: default.size.stdout
 
Finished building: Quick-Test.list
 

12:10:43 Build Finished. 0 errors, 43 warnings. (took 1s.495ms)

